node.exe : npm verbose cli C:\nvm4w\nodejs\node.exe 
C:\Users\igor_\AppData\Roaming\npm\node_modules\npm\bin\npm-cli.js
At C:\nvm4w\nodejs\npm.ps1:29 char:3
+   & $NODE_EXE $NPM_CLI_JS $args
+   ~~~~~~~~~~~~~~~~~~~~~~~~~~~~~
    + CategoryInfo          : NotSpecified: (npm verbose cli...\bin\npm-cli.js:String) [], RemoteException
    + FullyQualifiedErrorId : NativeCommandError
 
npm info using npm@11.2.0
npm info using node@v22.14.0
npm verbose title npm run build
npm verbose argv "run" "build" "--loglevel" "verbose"
npm verbose logfile logs-max:10 dir:C:\Users\igor_\AppData\Local\npm-cache\_logs\2025-07-17T16_51_43_640Z-
npm verbose logfile C:\Users\igor_\AppData\Local\npm-cache\_logs\2025-07-17T16_51_43_640Z-debug-0.log
[31mx[39m Build failed in 6.74s
[31merror during build:
[31msrc/App.tsx (46:9): "PromptBuilderPage" is not exported by "src/pages/PromptBuilderPage.tsx", imported by 
"src/App.tsx".[31m
file: [36mC:/Users/igor_/Desktop/DuoPass/project/src/App.tsx:46:9[31m
[33m
44: // import PartnerDashboard from '@/pages/PartnerDashboard'; // File not found
45: // import BusinessAnalytics from '@/pages/BusinessAnalytics'; // File not found
46: import { PromptBuilderPage } from '@/pages/PromptBuilderPage';
             ^
47: import { NotificationsPage } from '@/pages/NotificationsPage';
[31m
    at getRollupError 
(file:///C:/Users/igor_/Desktop/DuoPass/project/node_modules/rollup/dist/es/shared/parseAst.js:401:41)
    at error (file:///C:/Users/igor_/Desktop/DuoPass/project/node_modules/rollup/dist/es/shared/parseAst.js:397:42)
    at Module.error 
(file:///C:/Users/igor_/Desktop/DuoPass/project/node_modules/rollup/dist/es/shared/node-entry.js:16830:16)
    at Module.traceVariable 
(file:///C:/Users/igor_/Desktop/DuoPass/project/node_modules/rollup/dist/es/shared/node-entry.js:17279:29)
    at ModuleScope.findVariable 
(file:///C:/Users/igor_/Desktop/DuoPass/project/node_modules/rollup/dist/es/shared/node-entry.js:14925:39)
    at FunctionScope.findVariable 
(file:///C:/Users/igor_/Desktop/DuoPass/project/node_modules/rollup/dist/es/shared/node-entry.js:5620:38)
    at FunctionBodyScope.findVariable 
(file:///C:/Users/igor_/Desktop/DuoPass/project/node_modules/rollup/dist/es/shared/node-entry.js:5620:38)
    at Identifier.bind 
(file:///C:/Users/igor_/Desktop/DuoPass/project/node_modules/rollup/dist/es/shared/node-entry.js:5394:40)
    at CallExpression.bind 
(file:///C:/Users/igor_/Desktop/DuoPass/project/node_modules/rollup/dist/es/shared/node-entry.js:2781:28)
    at CallExpression.bind 
(file:///C:/Users/igor_/Desktop/DuoPass/project/node_modules/rollup/dist/es/shared/node-entry.js:11986:15)[39m
npm verbose cwd C:\Users\igor_\Desktop\DuoPass\project
npm verbose os Windows_NT 10.0.26100
npm verbose node v22.14.0
npm verbose npm  v11.2.0
npm verbose exit 1
npm verbose code 1
